// Jest Snapshot v1, https://goo.gl/fbAQLP

exports[`the list contains all the landmarks 1`] = `
<View
  style={
    Object {
      "height": "100%",
      "width": "100%",
    }
  }
>
  <AIRMap
    handlePanDrag={false}
    initialRegion={
      Object {
        "latitude": 51.500782626551675,
        "latitudeDelta": 0.1,
        "longitude": -0.10652662330828043,
        "longitudeDelta": 0.1,
      }
    }
    onChange={[Function]}
    onLayout={[Function]}
    onMapReady={[Function]}
    onMarkerPress={[Function]}
    region={null}
    style={
      Object {
        "height": "100%",
        "width": "100%",
      }
    }
  >
    <AIRMapMarker
      coordinate={
        Object {
          "latitude": 51.500782626551675,
          "longitude": -0.12552662330828043,
        }
      }
      onPress={[Function]}
      stopPropagation={false}
      style={
        Array [
          Object {
            "backgroundColor": "transparent",
            "position": "absolute",
          },
          undefined,
        ]
      }
      testID="marker-item-1"
    >
      <Text
        allowFontScaling={false}
        style={
          Array [
            Object {
              "color": "grey",
              "fontSize": 50,
            },
            undefined,
            Object {
              "fontFamily": "Material Design Icons",
              "fontStyle": "normal",
              "fontWeight": "normal",
            },
            Object {},
          ]
        }
      >
        󰍎
      </Text>
    </AIRMapMarker>
    <AIRMapMarker
      coordinate={
        Object {
          "latitude": 51.50890357879391,
          "longitude": -0.12850203078005293,
        }
      }
      onPress={[Function]}
      stopPropagation={false}
      style={
        Array [
          Object {
            "backgroundColor": "transparent",
            "position": "absolute",
          },
          undefined,
        ]
      }
      testID="marker-item-2"
    >
      <Text
        allowFontScaling={false}
        style={
          Array [
            Object {
              "color": "grey",
              "fontSize": 50,
            },
            undefined,
            Object {
              "fontFamily": "Material Design Icons",
              "fontStyle": "normal",
              "fontWeight": "normal",
            },
            Object {},
          ]
        }
      >
        󰍎
      </Text>
    </AIRMapMarker>
    <AIRMapMarker
      coordinate={
        Object {
          "latitude": 51.50112240771424,
          "longitude": -0.14135723958435054,
        }
      }
      onPress={[Function]}
      stopPropagation={false}
      style={
        Array [
          Object {
            "backgroundColor": "transparent",
            "position": "absolute",
          },
          undefined,
        ]
      }
      testID="marker-item-3"
    >
      <Text
        allowFontScaling={false}
        style={
          Array [
            Object {
              "color": "grey",
              "fontSize": 50,
            },
            undefined,
            Object {
              "fontFamily": "Material Design Icons",
              "fontStyle": "normal",
              "fontWeight": "normal",
            },
            Object {},
          ]
        }
      >
        󰍎
      </Text>
    </AIRMapMarker>
    <AIRMapMarker
      coordinate={
        Object {
          "latitude": 51.505737740072995,
          "longitude": -0.07520694901800379,
        }
      }
      onPress={[Function]}
      stopPropagation={false}
      style={
        Array [
          Object {
            "backgroundColor": "transparent",
            "position": "absolute",
          },
          undefined,
        ]
      }
      testID="marker-item-4"
    >
      <Text
        allowFontScaling={false}
        style={
          Array [
            Object {
              "color": "grey",
              "fontSize": 50,
            },
            undefined,
            Object {
              "fontFamily": "Material Design Icons",
              "fontStyle": "normal",
              "fontWeight": "normal",
            },
            Object {},
          ]
        }
      >
        󰍎
      </Text>
    </AIRMapMarker>
    <AIRMapMarker
      coordinate={
        Object {
          "latitude": 51.518879163719944,
          "longitude": -0.12630217259903156,
        }
      }
      onPress={[Function]}
      stopPropagation={false}
      style={
        Array [
          Object {
            "backgroundColor": "transparent",
            "position": "absolute",
          },
          undefined,
        ]
      }
      testID="marker-item-5"
    >
      <Text
        allowFontScaling={false}
        style={
          Array [
            Object {
              "color": "grey",
              "fontSize": 50,
            },
            undefined,
            Object {
              "fontFamily": "Material Design Icons",
              "fontStyle": "normal",
              "fontWeight": "normal",
            },
            Object {},
          ]
        }
      >
        󰍎
      </Text>
    </AIRMapMarker>
  </AIRMap>
  <View
    style={
      Object {
        "backgroundColor": "white",
        "borderTopEndRadius": 20,
        "borderTopStartRadius": 20,
        "bottom": 0,
        "left": 0,
        "position": "absolute",
        "right": 0,
      }
    }
  >
    <RCTScrollView
      horizontal={true}
      style={
        Object {
          "flex": 1,
          "marginVertical": 16,
        }
      }
      testID="landmarks-list"
    >
      <View>
        <View
          collapsable={false}
        >
          <View
            accessible={true}
            collapsable={false}
            focusable={true}
            onClick={[Function]}
            onResponderGrant={[Function]}
            onResponderMove={[Function]}
            onResponderRelease={[Function]}
            onResponderTerminate={[Function]}
            onResponderTerminationRequest={[Function]}
            onStartShouldSetResponder={[Function]}
            style={
              Object {
                "opacity": 1,
              }
            }
            testID="landmark-item-1"
          >
            <View
              onLayout={[Function]}
              style={
                Object {
                  "borderRadius": 3,
                  "height": 160,
                  "marginHorizontal": 8,
                  "radius": 10,
                  "width": 200,
                }
              }
            >
              <View
                accessibilityIgnoresInvertColors={true}
                style={
                  Object {
                    "flex": 0.8,
                  }
                }
              >
                <Image
                  source={
                    Object {
                      "uri": "https://images.pexels.com/photos/460672/pexels-photo-460672.jpeg?auto=compress&cs=tinysrgb&dpr=2&w=500",
                    }
                  }
                  style={
                    Array [
                      Object {
                        "bottom": 0,
                        "left": 0,
                        "position": "absolute",
                        "right": 0,
                        "top": 0,
                      },
                      Object {
                        "height": undefined,
                        "width": undefined,
                      },
                      Object {
                        "borderRadius": 8,
                      },
                    ]
                  }
                  testID="landmark-item-image-1"
                />
                <View
                  accessible={true}
                  collapsable={false}
                  focusable={true}
                  onClick={[Function]}
                  onResponderGrant={[Function]}
                  onResponderMove={[Function]}
                  onResponderRelease={[Function]}
                  onResponderTerminate={[Function]}
                  onResponderTerminationRequest={[Function]}
                  onStartShouldSetResponder={[Function]}
                  style={
                    Object {
                      "opacity": 1,
                    }
                  }
                  testID="heartbutton-1"
                >
                  <View
                    style={
                      Array [
                        Object {
                          "alignItems": "center",
                          "backgroundColor": "white",
                          "borderRadius": 90,
                          "justifyContent": "center",
                        },
                        Object {
                          "position": "absolute",
                          "right": 10,
                          "top": 8,
                        },
                        Object {
                          "height": 30,
                          "width": 30,
                        },
                      ]
                    }
                  >
                    <Text
                      allowFontScaling={false}
                      style={
                        Array [
                          Object {
                            "color": "red",
                            "fontSize": 18,
                          },
                          undefined,
                          Object {
                            "fontFamily": "Material Design Icons",
                            "fontStyle": "normal",
                            "fontWeight": "normal",
                          },
                          Object {},
                        ]
                      }
                    >
                      󰋕
                    </Text>
                  </View>
                </View>
                <Text
                  style={
                    Object {
                      "bottom": 8,
                      "color": "white",
                      "fontSize": 24,
                      "fontWeight": "bold",
                      "left": 10,
                      "position": "absolute",
                    }
                  }
                  testID="landmark-item-label-1"
                >
                  Big Ben
                </Text>
              </View>
            </View>
          </View>
        </View>
        <View
          collapsable={false}
        >
          <View
            accessible={true}
            collapsable={false}
            focusable={true}
            onClick={[Function]}
            onResponderGrant={[Function]}
            onResponderMove={[Function]}
            onResponderRelease={[Function]}
            onResponderTerminate={[Function]}
            onResponderTerminationRequest={[Function]}
            onStartShouldSetResponder={[Function]}
            style={
              Object {
                "opacity": 1,
              }
            }
            testID="landmark-item-2"
          >
            <View
              onLayout={[Function]}
              style={
                Object {
                  "borderRadius": 3,
                  "height": 160,
                  "marginHorizontal": 8,
                  "radius": 10,
                  "width": 200,
                }
              }
            >
              <View
                accessibilityIgnoresInvertColors={true}
                style={
                  Object {
                    "flex": 0.8,
                  }
                }
              >
                <Image
                  source={
                    Object {
                      "uri": "https://images.pexels.com/photos/4094000/pexels-photo-4094000.jpeg?auto=compress&cs=tinysrgb&dpr=2&h=750&w=1260",
                    }
                  }
                  style={
                    Array [
                      Object {
                        "bottom": 0,
                        "left": 0,
                        "position": "absolute",
                        "right": 0,
                        "top": 0,
                      },
                      Object {
                        "height": undefined,
                        "width": undefined,
                      },
                      Object {
                        "borderRadius": 8,
                      },
                    ]
                  }
                  testID="landmark-item-image-2"
                />
                <View
                  accessible={true}
                  collapsable={false}
                  focusable={true}
                  onClick={[Function]}
                  onResponderGrant={[Function]}
                  onResponderMove={[Function]}
                  onResponderRelease={[Function]}
                  onResponderTerminate={[Function]}
                  onResponderTerminationRequest={[Function]}
                  onStartShouldSetResponder={[Function]}
                  style={
                    Object {
                      "opacity": 1,
                    }
                  }
                  testID="heartbutton-2"
                >
                  <View
                    style={
                      Array [
                        Object {
                          "alignItems": "center",
                          "backgroundColor": "white",
                          "borderRadius": 90,
                          "justifyContent": "center",
                        },
                        Object {
                          "position": "absolute",
                          "right": 10,
                          "top": 8,
                        },
                        Object {
                          "height": 30,
                          "width": 30,
                        },
                      ]
                    }
                  >
                    <Text
                      allowFontScaling={false}
                      style={
                        Array [
                          Object {
                            "color": "red",
                            "fontSize": 18,
                          },
                          undefined,
                          Object {
                            "fontFamily": "Material Design Icons",
                            "fontStyle": "normal",
                            "fontWeight": "normal",
                          },
                          Object {},
                        ]
                      }
                    >
                      󰋕
                    </Text>
                  </View>
                </View>
                <Text
                  style={
                    Object {
                      "bottom": 8,
                      "color": "white",
                      "fontSize": 24,
                      "fontWeight": "bold",
                      "left": 10,
                      "position": "absolute",
                    }
                  }
                  testID="landmark-item-label-2"
                >
                  National Gallery
                </Text>
              </View>
            </View>
          </View>
        </View>
        <View
          collapsable={false}
        >
          <View
            accessible={true}
            collapsable={false}
            focusable={true}
            onClick={[Function]}
            onResponderGrant={[Function]}
            onResponderMove={[Function]}
            onResponderRelease={[Function]}
            onResponderTerminate={[Function]}
            onResponderTerminationRequest={[Function]}
            onStartShouldSetResponder={[Function]}
            style={
              Object {
                "opacity": 1,
              }
            }
            testID="landmark-item-3"
          >
            <View
              onLayout={[Function]}
              style={
                Object {
                  "borderRadius": 3,
                  "height": 160,
                  "marginHorizontal": 8,
                  "radius": 10,
                  "width": 200,
                }
              }
            >
              <View
                accessibilityIgnoresInvertColors={true}
                style={
                  Object {
                    "flex": 0.8,
                  }
                }
              >
                <Image
                  source={
                    Object {
                      "uri": "https://images.pexels.com/photos/3960662/pexels-photo-3960662.jpeg?auto=compress&cs=tinysrgb&dpr=2&w=500",
                    }
                  }
                  style={
                    Array [
                      Object {
                        "bottom": 0,
                        "left": 0,
                        "position": "absolute",
                        "right": 0,
                        "top": 0,
                      },
                      Object {
                        "height": undefined,
                        "width": undefined,
                      },
                      Object {
                        "borderRadius": 8,
                      },
                    ]
                  }
                  testID="landmark-item-image-3"
                />
                <View
                  accessible={true}
                  collapsable={false}
                  focusable={true}
                  onClick={[Function]}
                  onResponderGrant={[Function]}
                  onResponderMove={[Function]}
                  onResponderRelease={[Function]}
                  onResponderTerminate={[Function]}
                  onResponderTerminationRequest={[Function]}
                  onStartShouldSetResponder={[Function]}
                  style={
                    Object {
                      "opacity": 1,
                    }
                  }
                  testID="heartbutton-3"
                >
                  <View
                    style={
                      Array [
                        Object {
                          "alignItems": "center",
                          "backgroundColor": "white",
                          "borderRadius": 90,
                          "justifyContent": "center",
                        },
                        Object {
                          "position": "absolute",
                          "right": 10,
                          "top": 8,
                        },
                        Object {
                          "height": 30,
                          "width": 30,
                        },
                      ]
                    }
                  >
                    <Text
                      allowFontScaling={false}
                      style={
                        Array [
                          Object {
                            "color": "red",
                            "fontSize": 18,
                          },
                          undefined,
                          Object {
                            "fontFamily": "Material Design Icons",
                            "fontStyle": "normal",
                            "fontWeight": "normal",
                          },
                          Object {},
                        ]
                      }
                    >
                      󰋕
                    </Text>
                  </View>
                </View>
                <Text
                  style={
                    Object {
                      "bottom": 8,
                      "color": "white",
                      "fontSize": 24,
                      "fontWeight": "bold",
                      "left": 10,
                      "position": "absolute",
                    }
                  }
                  testID="landmark-item-label-3"
                >
                  Buckingham Palace
                </Text>
              </View>
            </View>
          </View>
        </View>
        <View
          collapsable={false}
        >
          <View
            accessible={true}
            collapsable={false}
            focusable={true}
            onClick={[Function]}
            onResponderGrant={[Function]}
            onResponderMove={[Function]}
            onResponderRelease={[Function]}
            onResponderTerminate={[Function]}
            onResponderTerminationRequest={[Function]}
            onStartShouldSetResponder={[Function]}
            style={
              Object {
                "opacity": 1,
              }
            }
            testID="landmark-item-4"
          >
            <View
              onLayout={[Function]}
              style={
                Object {
                  "borderRadius": 3,
                  "height": 160,
                  "marginHorizontal": 8,
                  "radius": 10,
                  "width": 200,
                }
              }
            >
              <View
                accessibilityIgnoresInvertColors={true}
                style={
                  Object {
                    "flex": 0.8,
                  }
                }
              >
                <Image
                  source={
                    Object {
                      "uri": "https://images.pexels.com/photos/1563230/pexels-photo-1563230.jpeg?auto=compress&cs=tinysrgb&dpr=2&w=500",
                    }
                  }
                  style={
                    Array [
                      Object {
                        "bottom": 0,
                        "left": 0,
                        "position": "absolute",
                        "right": 0,
                        "top": 0,
                      },
                      Object {
                        "height": undefined,
                        "width": undefined,
                      },
                      Object {
                        "borderRadius": 8,
                      },
                    ]
                  }
                  testID="landmark-item-image-4"
                />
                <View
                  accessible={true}
                  collapsable={false}
                  focusable={true}
                  onClick={[Function]}
                  onResponderGrant={[Function]}
                  onResponderMove={[Function]}
                  onResponderRelease={[Function]}
                  onResponderTerminate={[Function]}
                  onResponderTerminationRequest={[Function]}
                  onStartShouldSetResponder={[Function]}
                  style={
                    Object {
                      "opacity": 1,
                    }
                  }
                  testID="heartbutton-4"
                >
                  <View
                    style={
                      Array [
                        Object {
                          "alignItems": "center",
                          "backgroundColor": "white",
                          "borderRadius": 90,
                          "justifyContent": "center",
                        },
                        Object {
                          "position": "absolute",
                          "right": 10,
                          "top": 8,
                        },
                        Object {
                          "height": 30,
                          "width": 30,
                        },
                      ]
                    }
                  >
                    <Text
                      allowFontScaling={false}
                      style={
                        Array [
                          Object {
                            "color": "red",
                            "fontSize": 18,
                          },
                          undefined,
                          Object {
                            "fontFamily": "Material Design Icons",
                            "fontStyle": "normal",
                            "fontWeight": "normal",
                          },
                          Object {},
                        ]
                      }
                    >
                      󰋕
                    </Text>
                  </View>
                </View>
                <Text
                  style={
                    Object {
                      "bottom": 8,
                      "color": "white",
                      "fontSize": 24,
                      "fontWeight": "bold",
                      "left": 10,
                      "position": "absolute",
                    }
                  }
                  testID="landmark-item-label-4"
                >
                  Tower Bridge
                </Text>
              </View>
            </View>
          </View>
        </View>
        <View
          collapsable={false}
        >
          <View
            accessible={true}
            collapsable={false}
            focusable={true}
            onClick={[Function]}
            onResponderGrant={[Function]}
            onResponderMove={[Function]}
            onResponderRelease={[Function]}
            onResponderTerminate={[Function]}
            onResponderTerminationRequest={[Function]}
            onStartShouldSetResponder={[Function]}
            style={
              Object {
                "opacity": 1,
              }
            }
            testID="landmark-item-5"
          >
            <View
              onLayout={[Function]}
              style={
                Object {
                  "borderRadius": 3,
                  "height": 160,
                  "marginHorizontal": 8,
                  "radius": 10,
                  "width": 200,
                }
              }
            >
              <View
                accessibilityIgnoresInvertColors={true}
                style={
                  Object {
                    "flex": 0.8,
                  }
                }
              >
                <Image
                  source={
                    Object {
                      "uri": "https://images.pexels.com/photos/2815035/pexels-photo-2815035.jpeg?auto=compress&cs=tinysrgb&dpr=2&w=500",
                    }
                  }
                  style={
                    Array [
                      Object {
                        "bottom": 0,
                        "left": 0,
                        "position": "absolute",
                        "right": 0,
                        "top": 0,
                      },
                      Object {
                        "height": undefined,
                        "width": undefined,
                      },
                      Object {
                        "borderRadius": 8,
                      },
                    ]
                  }
                  testID="landmark-item-image-5"
                />
                <View
                  accessible={true}
                  collapsable={false}
                  focusable={true}
                  onClick={[Function]}
                  onResponderGrant={[Function]}
                  onResponderMove={[Function]}
                  onResponderRelease={[Function]}
                  onResponderTerminate={[Function]}
                  onResponderTerminationRequest={[Function]}
                  onStartShouldSetResponder={[Function]}
                  style={
                    Object {
                      "opacity": 1,
                    }
                  }
                  testID="heartbutton-5"
                >
                  <View
                    style={
                      Array [
                        Object {
                          "alignItems": "center",
                          "backgroundColor": "white",
                          "borderRadius": 90,
                          "justifyContent": "center",
                        },
                        Object {
                          "position": "absolute",
                          "right": 10,
                          "top": 8,
                        },
                        Object {
                          "height": 30,
                          "width": 30,
                        },
                      ]
                    }
                  >
                    <Text
                      allowFontScaling={false}
                      style={
                        Array [
                          Object {
                            "color": "red",
                            "fontSize": 18,
                          },
                          undefined,
                          Object {
                            "fontFamily": "Material Design Icons",
                            "fontStyle": "normal",
                            "fontWeight": "normal",
                          },
                          Object {},
                        ]
                      }
                    >
                      󰋕
                    </Text>
                  </View>
                </View>
                <Text
                  style={
                    Object {
                      "bottom": 8,
                      "color": "white",
                      "fontSize": 24,
                      "fontWeight": "bold",
                      "left": 10,
                      "position": "absolute",
                    }
                  }
                  testID="landmark-item-label-5"
                >
                  The British Museum
                </Text>
              </View>
            </View>
          </View>
        </View>
      </View>
    </RCTScrollView>
  </View>
</View>
`;
